% Aisa
aisagr-raw-AisaUC AisaUnicode 4 <AisaUnicode.ttf aisagr.enc
aisagr-raw-AisaUCb AisaUnicode-Bold 4 <AisaUnicode-Bold.ttf aisagr.enc
aisagr-raw-AisaUCbi AisaUnicode-BoldItalic 4 <AisaUnicode-BoldItalic.ttf aisagr.enc
aisagr-raw-AisaUCi AisaUnicode-Italic 4 <AisaUnicode-Italic.ttf aisagr.enc

%Alkaios
Alkaios Alkaios <[alkagr.enc <<Alkaios.otf
Alkaiosbo Alkaios-Bold <[alkagr.enc <<AlkaiosBold.otf
Alkaiosboit Alkaios-BoldItalic <[alkagr.enc <<AlkaiosBoldItalic.otf
Alkaiosit Alkaios-Italic <[alkagr.enc  <<AlkaiosItalic.otf
Alkaioslun Alkaios <[alklagr.enc  <<Alkaios.otf
Alkaiositlun Alkaios-Italic <[alklagr.enc   <<AlkaiosItalic.otf
Alkaiosboitlun Alkaios-BoldItalic <[alklagr.enc <<AlkaiosBoldItalic.otf
Alkaiosbolun Alkaios-Bold <[alklagr.enc  <<AlkaiosBold.otf

% Aristarcoj
Aristarcoj Aristarcoj 4 <Aristarcoj2.ttf ariagr.enc

% Bosporos
Bosporosc            Bosporos                 <Bosporos.pfb
bosnew BosporosU << BosporosU.otf <[ kadmagr.enc

% Canonica
canagr-MgOpenCanonicaBold MgOpenCanonica-Bold 4 <MgOpenCanonicaBold.ttf canagr.enc
canagrit-MgOpenCanonica-Italic MgOpenCanonica-Italic 4 <MgOpenCanonica-Italic.ttf canagrit.enc
canagr-MgOpenCanonica MgOpenCanonica 4 <MgOpenCanonica.ttf canagr.enc
canagr-MgOpenCanonicaBoldItalic MgOpenCanonica-Italic 4 < MgOpenCanonicaBoldItalic.ttf canagr.enc

% Cardo98s
Cardos Cardo98s 4 <Cardo98s.ttf <caragr.enc

% Dioxipe
dioxagr-dioxi Dioxipe 4 <dioxi.ttf <dioxagr.enc
dioboagr-Dioxipe-Bold Dioxipe-Bold 4 <Dioxipe-Bold.ttf dioboagr.enc
dioitagr-Dioxipe-Italic Dioxipe-Italic 4 <Dioxipe-Italic.ttf dioitagr.enc

% Gentium
GreekGentiumAlt GentiumAlt <GenAR102.TTF genaltagr.enc
GreekGentiumAltItalic GentiumAlt-Italic <GenAI102.TTF genaltagr.enc
GreekGentium Gentium <GenR102.TTF genagr.enc
GreekGentiumItalic Gentium-Italic <GenI102.TTF genagr.enc
GreekGentiumAltlun GentiumAlt <GenAR102.TTF genaltlunagr.enc
GreekGentiumAltItaliclun GentiumAlt-Italic <GenAI102.TTF genaltlunagr.enc
GreekGentiumlun Gentium <GenR102.TTF genlunagr.enc
GreekGentiumItaliclun Gentium-Italic <GenI102.TTF genlunagr.enc

% Garamond
garagr-KERN-GaramondPremrPro-Bd GaramondPremrPro-Bd <<GaramondPremrPro-Bd.otf <[ garagr.enc
garagr-KERN-GaramondPremrPro-BdIt GaramondPremrPro-BdIt <<GaramondPremrPro-BdIt.otf <[ garagr.enc
garagr-KERN-GaramondPremrPro-It GaramondPremrPro-It <<GaramondPremrPro-It.otf <[ garagr.enc
garagr-KERN-GaramondPremrPro GaramondPremrPro <<GaramondPremrPro.otf <[ garagr.enc

% GFS Artemisia
GFSArtemisia GFSArtemisia-Regular  <[artagr.enc <<GFSArtemisia.otf
GFSArtemisiabo GFSArtemisia-Bold  <[artitagr.enc <<GFSArtemisiaBold.otf
GFSArtemisiaboit GFSArtemisia-BoldItalic <[artitagr.enc <<GFSArtemisiaBoldItalic.otf
GFSArtemisiait GFSArtemisia-BoldItalic  <[artitagr.enc <<GFSArtemisiaItalic.otf

% GFSBaskerville
GFSBaskerville--base <[baskagr.enc <<GFSBaskerville.otf

% GFSBodoni
gfsgreekbodoni GFSBodoni <GFSBodoniRegular.pfb <[bodagr.enc
gfsgreekbodoniitalic GFSBodoni-Italic <GFSBodoni-Italic.pfb <[bodagr.enc 
gfsgreekbodonibold GFSBodoni-Bold <GFSBodoni-Bold.pfb <[bodboagr.enc

% GFSBodoniClassic
GFSBodoniClassic GFSBodoniClassic-Regular  <[bodoclasagr.enc <<GFSBodoniClassic.otf

% GFSComplutum
GFSComplutum GFSComplutum  <[compagr.enc <<GFSComplutum.otf

% GFSDidot
gfsgreekdidotbold GFSDidot-Bold  <GFSDidotBold.pfb <[agr-GFSD.enc
gfsgreekdidotbolditalic GFSDidot-BoldItalic <GFSDidotBoldItalic.pfb <[agr-GFSD.enc
gfsgreekdidotitalic GFSDidot-Italic <GFSDidotItalic.pfb <[agr-GFSD.enc
gfsgreekdidot GFSDidot <GFSDidot.pfb <[agr-GFSD.enc

% GFSDidotClassic
GFSDidotClassic GFSDidotClassic-Regular  <[didoclasagr.enc <<GFSDidotClassic.otf

% GFSElpis
GFSElpis GFSElpis-Regular <[elpisagr.enc <<GFSElpis.otf

% GFSGazis
GFSGazis <[gazagr.enc <<GFSGazis.otf

% GFSNeohellenic
GFSNeohellenic GFSNeohellenic-Regular <[neoagr.enc <<GFSNeohellenic.otf
GFSNeohellenicit GFSNeohellenic-Italic <[neoagr.enc <<GFSNeohellenicItalic.otf
GFSNeohellenicbo GFSNeohellenic-Bold <[neoagr.enc <<GFSNeohellenicBold.otf
GFSNeohellenicboit GFSNeohellenic-BoldItalic <[neoagr.enc <<GFSNeohellenicBoldItalic.otf
GFSNeohellenicalt GFSNeohellenic-Regular <[nealtagr.enc <<GFSNeohellenic.otf
GFSNeohellenicaltit GFSNeohellenic-Italic <[nealtagr.enc <<GFSNeohellenicItalic.otf
GFSNeohellenicaltbo GFSNeohellenic-Bold <[nealtagr.enc <<GFSNeohellenicBold.otf
GFSNeohellenicaltboit GFSNeohellenic-BoldItalic <[nealtagr.enc <<GFSNeohellenicBoldItalic.otf

% GFSOlga
olgagr-GFSOlga GFSOlga <<GFSOlga.otf <[olgagr.enc

% GFSPorson
GFSPorson GFSPorson <<GFSPorson.otf <[porsagr.enc

% GFSSolomos
GFSSolomos GFSSolomos-Regular <[solomagr.enc <<GFSSolomos.otf

% GFSTheokritos
GFSTheokritos GFSTheokritos-Regular  <[theoagr.enc <<GFSTheokritos.otf

% Grecs du Roi
gdr 		     Grecs-duroiWG 	      <GRECSWG.TTF  gdragr.enc

% GreekCentury
greekcentury WP-GreekCentury  <greekcentury.ttf centagr.enc

% Greekgaramond
greekgara greekgara <greekgara.pfb 

% GreekKerkis

Kerkis Kerkis  <kerkagr.enc <Kerkis.pfb
Kerkis-Italic Kerkis-Italic  <kerkagr.enc <Kerkis-Italic.pfb
Kerkis-Bold Kerkis-Bold  <kerkagr.enc <Kerkis-Bold.pfb
Kerkis-BoldItalic Kerkis-BoldItalic  <kerkagr.enc <Kerkis-BoldItalic.pfb


% Greeksang
Greeksangtf          Greeksang                <Greeksang.pfb

% Greekserif
freeagr-FreeSerif FreeSerif 4 <FreeSerif.ttf freeagr.enc
freeagrit-FreeSerifBold FreeSerifBold 4 <FreeSerifBold.ttf freeagrit.enc
freeagrit-FreeSerifBoldItalic FreeSerifBoldItalic 4 <FreeSerifBoldItalic.ttf freeagrit.enc
freeagrit-FreeSerifItalic FreeSerifItalic 4 <FreeSerifItalic.ttf freeagrit.enc

% Greektimes
timagr-Times-Roman Times-Roman 4 <Times-Roman.ttf timagr.enc
timagr-Times-Bold Times-Bold 4 <Times-Bold.ttf timagr.enc
timagr-Times-BoldItalic Times-BoldItalic 4 <Times-BoldItalic.ttf timagr.enc
timagr-Times-Italic Times-Italic 4 <Times-Italic.ttf timagr.enc

% Ibycus
Ibycus IbycusHTG-Regular <ibyagr.enc <fibr84.pfb
Ibycusbo FIBB84 <ibybagr.enc <fibb84.pfb
Ibycusit IbycusHTG-Regular ".167 SlantFont" <ibyagr.enc <fibr84.pfb
Ibycusboit FIBB84 ".167 SlantFont" <ibybagr.enc <fibb84.pfb

Ibycuslun IbycusHTG-Regular <ibylagr.enc <fibr84.pfb
Ibycuslunit IbycusHTG-Regular ".167 SlantFont" <ibylagr.enc <fibr84.pfb
Ibycuslunbo FIBB84 <ibyblagr.enc <fibb84.pfb
Ibycuslunboit FIBB84 ".167 SlantFont" <ibyblagr.enc <fibb84.pfb

% Kadmos
kadmo                Kadmos                   <kadmo.pfb
kadmnew KadmosU << KadmosU.otf <[ kadmagr.enc

% Korinthia
GreekKorinthia Korinthia 4 <<Korinthia.otf <[koragr.enc
koragr-l-Korinthia Korinthia 4 <<Korinthia.otf <[korlagr.enc

% Leipzig is a virtual font, grbl1000 and gmtr1000 are
% in the gb map files, so they are commented out here.
%grbl		     grbl1200                 <grbl1200.pfb
grbl1000             grbl1000   <CB.enc       <grbl1000.pfb
gmtr1000             gmtr1000   <gmtr.enc     <gmtr1000.pfb

% Linux Libertine
GreekLibertineBo LinLibertineOB  <[libertagr.enc <<LinLibertine_Bd-2.5.6.otf
GreekLibertineBoIt LinLibertineBIO  <[libertagr.enc <<LinLibertine_BI-2.5.6.otf
GreekLibertineIt LinLibertineOI  <[libertagr.enc <<LinLibertine_It-2.5.7.otf
GreekLibertine LinLibertineO  <[libertagr.enc <<LinLibertine_Re-2.5.9.4.otf

% Minion
minagr-MinionPro-Regular MinionPro-Regular 4 <MinionPro-Regular.pfb minagr.enc
minagr-MinionPro-It MinionPro-It 4 <MinionPro-It.pfb minagr.enc
minagr-MinionPro-Bold MinionPro-Bold 4 <MinionPro-Bold.pfb minagr.enc
minagr-MinionPro-BoldIt MinionPro-BoldIt 4 <MinionPro-BoldIt.pfb minagr.enc
minagr-l-MinionPro-Regular MinionPro-Regular 4 <MinionPro-Regular.pfb mincagr.enc
minagr-l-MinionPro-It MinionPro-It 4 <MinionPro-It.pfb mincagr.enc
minagr-l-MinionPro-Bold MinionPro-Bold 4 <MinionPro-Bold.pfb mincagr.enc
minagr-l-MinionPro-BoldIt MinionPro-BoldIt 4 <MinionPro-BoldIt.pfb mincagr.enc

% Monotype Porson
GreekPorson--base <Porson.ttf monagr.enc
GreekPorsonbo--base <PorsonSB.ttf monagr.enc

% Monotype NewHellenic
NewHellenic--base <NewHeOT.ttf monagr.enc

% OldStandard
GreekOldStandard OldStandard  <[oldstagr.enc <<OldStandard.otf
GreekOldStandard-Italic OldStandard-Italic  <[oldstagr.enc <<OldStandard-Italic.otf

% Oxonia
oxonia               Oxonia                   <Oxonia.pfb

% Oxoniensis
oxonagr-Oxoniensis Oxoniensis 4 <[oxonagr.enc <<Oxoniensis.otf
oxonagr-l-Oxoniensis Oxoniensis 4 <[oxolagr.enc <<Oxoniensis.otf
oxonagr-Oxoniensis-Bold OxoniensisBold 4 <[oxonboagr.enc <<OxoniensisBold.otf

% Palatino
palagr-PalatinoLinotype-Roman PalatinoLinotype-Roman 4 <PalatinoLinotype-Roman.ttf palagr.enc
palagr-PalatinoLinotype-Bold PalatinoLinotype-Bold 4 <PalatinoLinotype-Bold.ttf palagr.enc
palagr-PalatinoLinotype-BoldItalic PalatinoLinotype-BoldItalic 4 <PalatinoLinotype-BoldItalic.ttf palagr.enc
palagr-PalatinoLinotype-Italic PalatinoLinotype-Italic 4 <PalatinoLinotype-Italic.ttf palagr.enc

% Teubner
Teubnerc             Teubner                  <Teubner.pfb

% Vusillus
vusagr-raw-vusilli VusillusOldFaceItalic 4 <vusilli.ttf vusagr.enc


% gandhari
gandhai GandhariUnicode-Italic 4 < GandhariUnicode-Italic.ttf gandagr.enc
gandhar GandhariUnicode 4 < GandhariUnicode.ttf gandagr.enc

% greeklfb
greeklfb lfb10 <lfb10.pfb


% Metric fonts
Anaxiphorminx        Anaxiphorminx            <Anaxiph4.ttf       <texnansi.enc
AnaxiGerman          AnaxiGerman              <AnaxiGerman.ttf    <texnansi.enc
gmtr                 gmtr1200    	      <gmtr1200.pfb
Metric               metre                    <[metric.enc        <<metre.otf


gen1fxx-raw-Cardo98s Cardo 4 " gen1fxxEncoding ReEncodeFont " <gen1fxx.enc <Cardo98s.ttf 


GreekAsteriaraw Asteria <Asteria.ttf <astagr.enc
GreekAsteriaItalicraw Greek Asteria Italic <AsteriaItalic.ttf <astitagr.enc
GreekAsteriaBoldraw Greek Asteria Bold <AsteriaBold.ttf <astboagr.enc
